0 verbose cli /Users/macuser/.nvm/versions/node/v22.21.1/bin/node /Users/macuser/.nvm/versions/node/v22.21.1/bin/npm
1 info using npm@11.16.0
2 info using node@v22.21.1
3 silly config load:file:/Users/macuser/.nvm/versions/node/v22.21.1/lib/node_modules/npm/npmrc
4 silly config load:file:/Users/macuser/Documents/technical-test/test-hc-frontend/.npmrc
5 silly config load:file:/Users/macuser/.npmrc
6 silly config load:file:/Users/macuser/.nvm/versions/node/v22.21.1/etc/npmrc
7 verbose title npm install react-hook-form zod @hookform/resolvers
8 verbose argv "install" "react-hook-form" "zod" "@hookform/resolvers"
9 verbose logfile logs-max:10 dir:/Users/macuser/Documents/technical-test/test-hc-frontend/local_npm/_logs/2026-08-06T06_27_08_091Z-
10 verbose logfile /Users/macuser/Documents/technical-test/test-hc-frontend/local_npm/_logs/2026-08-06T06_27_08_091Z-debug-0.log
11 silly logfile start cleaning logs, removing 1 files
12 silly logfile done cleaning log files
13 silly packumentCache heap:4345298944 maxSize:1086324736 maxEntrySize:543162368
14 silly idealTree buildDeps
15 silly fetch manifest react-hook-form@*
16 silly packumentCache full:https://registry.npmjs.org/react-hook-form cache-miss
17 http fetch GET 200 https://registry.npmjs.org/react-hook-form 314ms (cache miss)
18 silly packumentCache full:https://registry.npmjs.org/react-hook-form set size:undefined disposed:false
19 silly fetch manifest react@^18.3.1
20 silly packumentCache full:https://registry.npmjs.org/react cache-miss
21 http fetch GET 200 https://registry.npmjs.org/react 43ms (cache revalidated)
22 silly packumentCache full:https://registry.npmjs.org/react set size:6868792 disposed:false
23 silly fetch manifest zod@*
24 silly packumentCache full:https://registry.npmjs.org/zod cache-miss
25 http fetch GET 200 https://registry.npmjs.org/zod 670ms (cache miss)
26 silly packumentCache full:https://registry.npmjs.org/zod set size:undefined disposed:false
27 silly fetch manifest @hookform/resolvers@*
28 silly packumentCache full:https://registry.npmjs.org/@hookform%2fresolvers cache-miss
29 http fetch GET 200 https://registry.npmjs.org/@hookform%2fresolvers 163ms (cache miss)
30 silly packumentCache full:https://registry.npmjs.org/@hookform%2fresolvers set size:undefined disposed:false
31 silly fetch manifest @sinclair/typebox@>=0.25.24
32 silly packumentCache full:https://registry.npmjs.org/@sinclair%2ftypebox cache-miss
33 http fetch GET 200 https://registry.npmjs.org/@sinclair%2ftypebox 176ms (cache miss)
34 silly packumentCache full:https://registry.npmjs.org/@sinclair%2ftypebox set size:undefined disposed:false
35 silly fetch manifest @standard-schema/spec@^1.0.0
36 silly packumentCache full:https://registry.npmjs.org/@standard-schema%2fspec cache-miss
37 http fetch GET 200 https://registry.npmjs.org/@standard-schema%2fspec 137ms (cache miss)
38 silly packumentCache full:https://registry.npmjs.org/@standard-schema%2fspec set size:undefined disposed:false
39 silly fetch manifest @typeschema/main@>=0.13.7
40 silly packumentCache full:https://registry.npmjs.org/@typeschema%2fmain cache-miss
41 http fetch GET 200 https://registry.npmjs.org/@typeschema%2fmain 416ms (cache miss)
42 silly packumentCache full:https://registry.npmjs.org/@typeschema%2fmain set size:undefined disposed:false
43 silly fetch manifest @typeschema/arktype@0.14.0
44 silly packumentCache full:https://registry.npmjs.org/@typeschema%2farktype cache-miss
45 http fetch GET 200 https://registry.npmjs.org/@typeschema%2farktype 288ms (cache miss)
46 silly packumentCache full:https://registry.npmjs.org/@typeschema%2farktype set size:undefined disposed:false
47 silly fetch manifest arktype@^2.0.0-rc.0
48 silly packumentCache full:https://registry.npmjs.org/arktype cache-miss
49 http fetch GET 200 https://registry.npmjs.org/arktype 194ms (cache miss)
50 silly packumentCache full:https://registry.npmjs.org/arktype set size:undefined disposed:false
51 silly fetch manifest @typeschema/class-validator@0.3.0
52 silly packumentCache full:https://registry.npmjs.org/@typeschema%2fclass-validator cache-miss
53 http fetch GET 200 https://registry.npmjs.org/@typeschema%2fclass-validator 440ms (cache miss)
54 silly packumentCache full:https://registry.npmjs.org/@typeschema%2fclass-validator set size:undefined disposed:false
55 silly fetch manifest class-validator@^0.14.1
56 silly packumentCache full:https://registry.npmjs.org/class-validator cache-miss
57 http fetch GET 200 https://registry.npmjs.org/class-validator 175ms (cache miss)
58 silly packumentCache full:https://registry.npmjs.org/class-validator set size:undefined disposed:false
59 silly fetch manifest @typeschema/deepkit@0.14.0
60 silly packumentCache full:https://registry.npmjs.org/@typeschema%2fdeepkit cache-miss
61 http fetch GET 200 https://registry.npmjs.org/@typeschema%2fdeepkit 528ms (cache miss)
62 silly packumentCache full:https://registry.npmjs.org/@typeschema%2fdeepkit set size:undefined disposed:false
63 silly fetch manifest @deepkit/type@^1.0.1-alpha.145
64 silly packumentCache full:https://registry.npmjs.org/@deepkit%2ftype cache-miss
65 http fetch GET 200 https://registry.npmjs.org/@deepkit%2ftype 416ms (cache miss)
66 silly packumentCache full:https://registry.npmjs.org/@deepkit%2ftype set size:undefined disposed:false
67 silly fetch manifest @deepkit/core@^1.0.1
68 silly packumentCache full:https://registry.npmjs.org/@deepkit%2fcore cache-miss
69 http fetch GET 200 https://registry.npmjs.org/@deepkit%2fcore 297ms (cache miss)
70 silly packumentCache full:https://registry.npmjs.org/@deepkit%2fcore set size:undefined disposed:false
71 silly fetch manifest @typeschema/effect@0.14.0
72 silly packumentCache full:https://registry.npmjs.org/@typeschema%2feffect cache-miss
73 http fetch GET 200 https://registry.npmjs.org/@typeschema%2feffect 407ms (cache miss)
74 silly packumentCache full:https://registry.npmjs.org/@typeschema%2feffect set size:undefined disposed:false
75 silly fetch manifest @effect/schema@^0.71.1
76 silly packumentCache full:https://registry.npmjs.org/@effect%2fschema cache-miss
77 http fetch GET 200 https://registry.npmjs.org/@effect%2fschema 306ms (cache miss)
78 silly packumentCache full:https://registry.npmjs.org/@effect%2fschema set size:undefined disposed:false
79 silly fetch manifest effect@^3.6.8
80 silly packumentCache full:https://registry.npmjs.org/effect cache-miss
81 http fetch GET 200 https://registry.npmjs.org/effect 2280ms (cache miss)
82 silly packumentCache full:https://registry.npmjs.org/effect set size:undefined disposed:false
83 silly fetch manifest @typeschema/fastest-validator@0.2.0
84 silly packumentCache full:https://registry.npmjs.org/@typeschema%2ffastest-validator cache-miss
85 http fetch GET 200 https://registry.npmjs.org/@typeschema%2ffastest-validator 485ms (cache miss)
86 silly packumentCache full:https://registry.npmjs.org/@typeschema%2ffastest-validator set size:undefined disposed:false
87 silly fetch manifest fastest-validator@^1.19.0
88 silly packumentCache full:https://registry.npmjs.org/fastest-validator cache-miss
89 http fetch GET 200 https://registry.npmjs.org/fastest-validator 317ms (cache miss)
90 silly packumentCache full:https://registry.npmjs.org/fastest-validator set size:undefined disposed:false
91 silly fetch manifest @typeschema/function@0.14.0
92 silly packumentCache full:https://registry.npmjs.org/@typeschema%2ffunction cache-miss
93 http fetch GET 200 https://registry.npmjs.org/@typeschema%2ffunction 314ms (cache miss)
94 silly packumentCache full:https://registry.npmjs.org/@typeschema%2ffunction set size:undefined disposed:false
95 silly fetch manifest @typeschema/io-ts@0.14.0
96 silly packumentCache full:https://registry.npmjs.org/@typeschema%2fio-ts cache-miss
97 http fetch GET 200 https://registry.npmjs.org/@typeschema%2fio-ts 138ms (cache miss)
98 silly packumentCache full:https://registry.npmjs.org/@typeschema%2fio-ts set size:undefined disposed:false
99 silly fetch manifest fp-ts@^2.16.9
100 silly packumentCache full:https://registry.npmjs.org/fp-ts cache-miss
101 http fetch GET 200 https://registry.npmjs.org/fp-ts 501ms (cache miss)
102 silly packumentCache full:https://registry.npmjs.org/fp-ts set size:undefined disposed:false
103 silly fetch manifest io-ts@^2.2.21
104 silly packumentCache full:https://registry.npmjs.org/io-ts cache-miss
105 http fetch GET 200 https://registry.npmjs.org/io-ts 131ms (cache miss)
106 silly packumentCache full:https://registry.npmjs.org/io-ts set size:undefined disposed:false
107 silly fetch manifest @typeschema/joi@0.14.0
108 silly packumentCache full:https://registry.npmjs.org/@typeschema%2fjoi cache-miss
109 http fetch GET 200 https://registry.npmjs.org/@typeschema%2fjoi 442ms (cache miss)
110 silly packumentCache full:https://registry.npmjs.org/@typeschema%2fjoi set size:undefined disposed:false
111 silly fetch manifest joi@^17.13.3
112 silly packumentCache full:https://registry.npmjs.org/joi cache-miss
113 http fetch GET 200 https://registry.npmjs.org/joi 347ms (cache miss)
114 silly packumentCache full:https://registry.npmjs.org/joi set size:undefined disposed:false
115 silly fetch manifest joi-to-json@^4.3.0
116 silly packumentCache full:https://registry.npmjs.org/joi-to-json cache-miss
117 http fetch GET 200 https://registry.npmjs.org/joi-to-json 208ms (cache miss)
118 silly packumentCache full:https://registry.npmjs.org/joi-to-json set size:undefined disposed:false
119 silly fetch manifest @typeschema/json@0.14.0
120 silly packumentCache full:https://registry.npmjs.org/@typeschema%2fjson cache-miss
121 http fetch GET 200 https://registry.npmjs.org/@typeschema%2fjson 406ms (cache miss)
122 silly packumentCache full:https://registry.npmjs.org/@typeschema%2fjson set size:undefined disposed:false
123 silly fetch manifest ajv@^8.17.1
124 silly packumentCache full:https://registry.npmjs.org/ajv cache-miss
125 http fetch GET 200 https://registry.npmjs.org/ajv 129ms (cache miss)
126 silly packumentCache full:https://registry.npmjs.org/ajv set size:undefined disposed:false
127 silly fetch manifest json-schema-to-ts@^3.1.0
128 silly packumentCache full:https://registry.npmjs.org/json-schema-to-ts cache-miss
129 http fetch GET 200 https://registry.npmjs.org/json-schema-to-ts 286ms (cache miss)
130 silly packumentCache full:https://registry.npmjs.org/json-schema-to-ts set size:undefined disposed:false
131 silly fetch manifest @typeschema/ow@0.14.0
132 silly packumentCache full:https://registry.npmjs.org/@typeschema%2fow cache-miss
133 http fetch GET 200 https://registry.npmjs.org/@typeschema%2fow 135ms (cache miss)
134 silly packumentCache full:https://registry.npmjs.org/@typeschema%2fow set size:undefined disposed:false
135 silly fetch manifest ow@^0.28.2
136 silly packumentCache full:https://registry.npmjs.org/ow cache-miss
137 http fetch GET 200 https://registry.npmjs.org/ow 203ms (cache miss)
138 silly packumentCache full:https://registry.npmjs.org/ow set size:undefined disposed:false
139 silly fetch manifest @typeschema/runtypes@0.14.0
140 silly packumentCache full:https://registry.npmjs.org/@typeschema%2fruntypes cache-miss
141 http fetch GET 200 https://registry.npmjs.org/@typeschema%2fruntypes 283ms (cache miss)
142 silly packumentCache full:https://registry.npmjs.org/@typeschema%2fruntypes set size:undefined disposed:false
143 silly fetch manifest runtypes@^6.7.0
144 silly packumentCache full:https://registry.npmjs.org/runtypes cache-miss
145 http fetch GET 200 https://registry.npmjs.org/runtypes 54ms (cache miss)
146 silly packumentCache full:https://registry.npmjs.org/runtypes set size:undefined disposed:false
147 silly fetch manifest @typeschema/superstruct@0.14.0
148 silly packumentCache full:https://registry.npmjs.org/@typeschema%2fsuperstruct cache-miss
149 http fetch GET 200 https://registry.npmjs.org/@typeschema%2fsuperstruct 410ms (cache miss)
150 silly packumentCache full:https://registry.npmjs.org/@typeschema%2fsuperstruct set size:undefined disposed:false
151 silly fetch manifest superstruct@^2.0.2
152 silly packumentCache full:https://registry.npmjs.org/superstruct cache-miss
153 http fetch GET 200 https://registry.npmjs.org/superstruct 201ms (cache miss)
154 silly packumentCache full:https://registry.npmjs.org/superstruct set size:undefined disposed:false
155 silly fetch manifest @typeschema/suretype@0.2.0
156 silly packumentCache full:https://registry.npmjs.org/@typeschema%2fsuretype cache-miss
157 http fetch GET 200 https://registry.npmjs.org/@typeschema%2fsuretype 411ms (cache miss)
158 silly packumentCache full:https://registry.npmjs.org/@typeschema%2fsuretype set size:undefined disposed:false
159 silly fetch manifest suretype@^3.3.1
160 silly packumentCache full:https://registry.npmjs.org/suretype cache-miss
161 http fetch GET 200 https://registry.npmjs.org/suretype 187ms (cache miss)
162 silly packumentCache full:https://registry.npmjs.org/suretype set size:undefined disposed:false
163 silly fetch manifest @typeschema/typebox@0.14.0
164 silly packumentCache full:https://registry.npmjs.org/@typeschema%2ftypebox cache-miss
165 http fetch GET 200 https://registry.npmjs.org/@typeschema%2ftypebox 435ms (cache miss)
166 silly packumentCache full:https://registry.npmjs.org/@typeschema%2ftypebox set size:undefined disposed:false
167 silly fetch manifest @sinclair/typebox@^0.33.7
168 silly packumentCache full:https://registry.npmjs.org/@sinclair%2ftypebox cache-miss
169 http cache https://registry.npmjs.org/@sinclair%2ftypebox 4ms (cache hit)
170 silly packumentCache full:https://registry.npmjs.org/@sinclair%2ftypebox set size:1212785 disposed:false
171 silly fetch manifest @typeschema/valibot@0.14.0
172 silly packumentCache full:https://registry.npmjs.org/@typeschema%2fvalibot cache-miss
173 http fetch GET 200 https://registry.npmjs.org/@typeschema%2fvalibot 284ms (cache miss)
174 silly packumentCache full:https://registry.npmjs.org/@typeschema%2fvalibot set size:undefined disposed:false
175 silly fetch manifest @gcornut/valibot-json-schema@^0.37.0
176 silly packumentCache full:https://registry.npmjs.org/@gcornut%2fvalibot-json-schema cache-miss
177 http fetch GET 200 https://registry.npmjs.org/@gcornut%2fvalibot-json-schema 522ms (cache miss)
178 silly packumentCache full:https://registry.npmjs.org/@gcornut%2fvalibot-json-schema set size:undefined disposed:false
179 silly fetch manifest valibot@^0.39.0
180 silly packumentCache full:https://registry.npmjs.org/valibot cache-miss
181 http fetch GET 200 https://registry.npmjs.org/valibot 182ms (cache miss)
182 silly packumentCache full:https://registry.npmjs.org/valibot set size:undefined disposed:false
183 silly fetch manifest typescript@^5.5.0
184 silly packumentCache full:https://registry.npmjs.org/typescript cache-miss
185 http fetch GET 200 https://registry.npmjs.org/typescript 44ms (cache revalidated)
186 silly packumentCache full:https://registry.npmjs.org/typescript set size:15518138 disposed:false
187 silly fetch manifest @typeschema/valita@0.2.0
188 silly packumentCache full:https://registry.npmjs.org/@typeschema%2fvalita cache-miss
189 http fetch GET 200 https://registry.npmjs.org/@typeschema%2fvalita 404ms (cache miss)
190 silly packumentCache full:https://registry.npmjs.org/@typeschema%2fvalita set size:undefined disposed:false
191 silly fetch manifest @badrap/valita@^0.3.9
192 silly packumentCache full:https://registry.npmjs.org/@badrap%2fvalita cache-miss
193 http fetch GET 200 https://registry.npmjs.org/@badrap%2fvalita 440ms (cache miss)
194 silly packumentCache full:https://registry.npmjs.org/@badrap%2fvalita set size:undefined disposed:false
195 silly fetch manifest @typeschema/vine@0.2.0
196 silly packumentCache full:https://registry.npmjs.org/@typeschema%2fvine cache-miss
197 http fetch GET 200 https://registry.npmjs.org/@typeschema%2fvine 277ms (cache miss)
198 silly packumentCache full:https://registry.npmjs.org/@typeschema%2fvine set size:undefined disposed:false
199 silly fetch manifest @vinejs/vine@^2.1.0
200 silly packumentCache full:https://registry.npmjs.org/@vinejs%2fvine cache-miss
201 http fetch GET 200 https://registry.npmjs.org/@vinejs%2fvine 426ms (cache miss)
202 silly packumentCache full:https://registry.npmjs.org/@vinejs%2fvine set size:undefined disposed:false
203 silly fetch manifest @typeschema/yup@0.14.0
204 silly packumentCache full:https://registry.npmjs.org/@typeschema%2fyup cache-miss
205 http fetch GET 200 https://registry.npmjs.org/@typeschema%2fyup 297ms (cache miss)
206 silly packumentCache full:https://registry.npmjs.org/@typeschema%2fyup set size:undefined disposed:false
207 silly fetch manifest @sodaru/yup-to-json-schema@^2.0.1
208 silly packumentCache full:https://registry.npmjs.org/@sodaru%2fyup-to-json-schema cache-miss
209 http fetch GET 200 https://registry.npmjs.org/@sodaru%2fyup-to-json-schema 281ms (cache miss)
210 silly packumentCache full:https://registry.npmjs.org/@sodaru%2fyup-to-json-schema set size:undefined disposed:false
211 silly fetch manifest yup@^1.4.0
212 silly packumentCache full:https://registry.npmjs.org/yup cache-miss
213 http fetch GET 200 https://registry.npmjs.org/yup 218ms (cache miss)
214 silly packumentCache full:https://registry.npmjs.org/yup set size:undefined disposed:false
215 silly fetch manifest @typeschema/zod@0.14.0
216 silly packumentCache full:https://registry.npmjs.org/@typeschema%2fzod cache-miss
217 http fetch GET 200 https://registry.npmjs.org/@typeschema%2fzod 583ms (cache miss)
218 silly packumentCache full:https://registry.npmjs.org/@typeschema%2fzod set size:undefined disposed:false
219 silly fetch manifest zod@^3.23.8
220 silly packumentCache full:https://registry.npmjs.org/zod cache-miss
221 http cache https://registry.npmjs.org/zod 8ms (cache hit)
222 silly packumentCache full:https://registry.npmjs.org/zod set size:3552562 disposed:false
223 silly fetch manifest zod-to-json-schema@^3.23.2
224 silly packumentCache full:https://registry.npmjs.org/zod-to-json-schema cache-miss
225 http fetch GET 200 https://registry.npmjs.org/zod-to-json-schema 53ms (cache miss)
226 silly packumentCache full:https://registry.npmjs.org/zod-to-json-schema set size:undefined disposed:false
227 silly fetch manifest ajv-errors@^3.0.0
228 silly packumentCache full:https://registry.npmjs.org/ajv-errors cache-miss
229 http fetch GET 200 https://registry.npmjs.org/ajv-errors 167ms (cache miss)
230 silly packumentCache full:https://registry.npmjs.org/ajv-errors set size:undefined disposed:false
231 silly fetch manifest ajv-formats@^2.1.1
232 silly packumentCache full:https://registry.npmjs.org/ajv-formats cache-miss
233 http fetch GET 200 https://registry.npmjs.org/ajv-formats 39ms (cache miss)
234 silly packumentCache full:https://registry.npmjs.org/ajv-formats set size:undefined disposed:false
235 silly fetch manifest ata-validator@^1.2.0
236 silly packumentCache full:https://registry.npmjs.org/ata-validator cache-miss
237 http fetch GET 200 https://registry.npmjs.org/ata-validator 181ms (cache miss)
238 silly packumentCache full:https://registry.npmjs.org/ata-validator set size:undefined disposed:false
239 silly fetch manifest yaml@^2.0.0
240 silly packumentCache full:https://registry.npmjs.org/yaml cache-miss
241 http fetch GET 200 https://registry.npmjs.org/yaml 57ms (cache miss)
242 silly packumentCache full:https://registry.npmjs.org/yaml set size:undefined disposed:false
243 silly fetch manifest class-transformer@>=0.4.0
244 silly packumentCache full:https://registry.npmjs.org/class-transformer cache-miss
245 http fetch GET 200 https://registry.npmjs.org/class-transformer 188ms (cache miss)
246 silly packumentCache full:https://registry.npmjs.org/class-transformer set size:undefined disposed:false
247 silly fetch manifest computed-types@^1.0.0
248 silly packumentCache full:https://registry.npmjs.org/computed-types cache-miss
249 http fetch GET 200 https://registry.npmjs.org/computed-types 195ms (cache miss)
250 silly packumentCache full:https://registry.npmjs.org/computed-types set size:undefined disposed:false
251 silly fetch manifest fluentvalidation-ts@^3.0.0
252 silly packumentCache full:https://registry.npmjs.org/fluentvalidation-ts cache-miss
253 http fetch GET 200 https://registry.npmjs.org/fluentvalidation-ts 182ms (cache miss)
254 silly packumentCache full:https://registry.npmjs.org/fluentvalidation-ts set size:undefined disposed:false
255 silly fetch manifest nope-validator@>=0.12.0
256 silly packumentCache full:https://registry.npmjs.org/nope-validator cache-miss
257 http fetch GET 200 https://registry.npmjs.org/nope-validator 191ms (cache miss)
258 silly packumentCache full:https://registry.npmjs.org/nope-validator set size:undefined disposed:false
259 silly fetch manifest typanion@^3.3.2
260 silly packumentCache full:https://registry.npmjs.org/typanion cache-miss
261 http fetch GET 200 https://registry.npmjs.org/typanion 171ms (cache miss)
262 silly packumentCache full:https://registry.npmjs.org/typanion set size:undefined disposed:false
263 silly fetch manifest vest@>=3.0.0
264 silly packumentCache full:https://registry.npmjs.org/vest cache-miss
265 http fetch GET 200 https://registry.npmjs.org/vest 154ms (cache miss)
266 silly packumentCache full:https://registry.npmjs.org/vest set size:undefined disposed:false
267 silly placeDep ROOT @hookform/resolvers@5.7.1 OK for: etq-print-frontend@1.0.0 want: *
268 silly placeDep ROOT react-hook-form@7.84.0 OK for: @hookform/resolvers@5.7.1 want: ^7.55.0
269 silly placeDep ROOT react-hook-form@7.84.0 REPLACE for: etq-print-frontend@1.0.0 want: *
270 silly placeDep ROOT zod@4.4.3 OK for: etq-print-frontend@1.0.0 want: *
271 silly fetch manifest @standard-schema/utils@^0.3.0
272 silly packumentCache full:https://registry.npmjs.org/@standard-schema%2futils cache-miss
273 http fetch GET 200 https://registry.npmjs.org/@standard-schema%2futils 149ms (cache miss)
274 silly packumentCache full:https://registry.npmjs.org/@standard-schema%2futils set size:undefined disposed:false
275 silly placeDep ROOT @standard-schema/utils@0.3.0 OK for: @hookform/resolvers@5.7.1 want: ^0.3.0
276 silly reify moves {}
277 silly audit bulk request {
277 silly audit   '@babel/code-frame': [ '7.29.7' ],
277 silly audit   '@babel/compat-data': [ '7.29.7' ],
277 silly audit   '@babel/core': [ '7.29.7' ],
277 silly audit   '@babel/generator': [ '7.29.8' ],
277 silly audit   '@babel/helper-compilation-targets': [ '7.29.7' ],
277 silly audit   '@babel/helper-globals': [ '7.29.7' ],
277 silly audit   '@babel/helper-module-imports': [ '7.29.7' ],
277 silly audit   '@babel/helper-module-transforms': [ '7.29.7' ],
277 silly audit   '@babel/helper-plugin-utils': [ '7.29.7' ],
277 silly audit   '@babel/helper-string-parser': [ '7.29.7' ],
277 silly audit   '@babel/helper-validator-identifier': [ '7.29.7' ],
277 silly audit   '@babel/helper-validator-option': [ '7.29.7' ],
277 silly audit   '@babel/helpers': [ '7.29.7' ],
277 silly audit   '@babel/parser': [ '7.29.8' ],
277 silly audit   '@babel/plugin-transform-react-jsx-self': [ '7.29.7' ],
277 silly audit   '@babel/plugin-transform-react-jsx-source': [ '7.29.7' ],
277 silly audit   '@babel/template': [ '7.29.7' ],
277 silly audit   '@babel/traverse': [ '7.29.8' ],
277 silly audit   '@babel/types': [ '7.29.8' ],
277 silly audit   '@esbuild/aix-ppc64': [ '0.21.5' ],
277 silly audit   '@esbuild/android-arm': [ '0.21.5' ],
277 silly audit   '@esbuild/android-arm64': [ '0.21.5' ],
277 silly audit   '@esbuild/android-x64': [ '0.21.5' ],
277 silly audit   '@esbuild/darwin-arm64': [ '0.21.5' ],
277 silly audit   '@esbuild/darwin-x64': [ '0.21.5' ],
277 silly audit   '@esbuild/freebsd-arm64': [ '0.21.5' ],
277 silly audit   '@esbuild/freebsd-x64': [ '0.21.5' ],
277 silly audit   '@esbuild/linux-arm': [ '0.21.5' ],
277 silly audit   '@esbuild/linux-arm64': [ '0.21.5' ],
277 silly audit   '@esbuild/linux-ia32': [ '0.21.5' ],
277 silly audit   '@esbuild/linux-loong64': [ '0.21.5' ],
277 silly audit   '@esbuild/linux-mips64el': [ '0.21.5' ],
277 silly audit   '@esbuild/linux-ppc64': [ '0.21.5' ],
277 silly audit   '@esbuild/linux-riscv64': [ '0.21.5' ],
277 silly audit   '@esbuild/linux-s390x': [ '0.21.5' ],
277 silly audit   '@esbuild/linux-x64': [ '0.21.5' ],
277 silly audit   '@esbuild/netbsd-x64': [ '0.21.5' ],
277 silly audit   '@esbuild/openbsd-x64': [ '0.21.5' ],
277 silly audit   '@esbuild/sunos-x64': [ '0.21.5' ],
277 silly audit   '@esbuild/win32-arm64': [ '0.21.5' ],
277 silly audit   '@esbuild/win32-ia32': [ '0.21.5' ],
277 silly audit   '@esbuild/win32-x64': [ '0.21.5' ],
277 silly audit   '@jridgewell/gen-mapping': [ '0.3.13' ],
277 silly audit   '@jridgewell/remapping': [ '2.3.5' ],
277 silly audit   '@jridgewell/resolve-uri': [ '3.1.2' ],
277 silly audit   '@jridgewell/sourcemap-codec': [ '1.5.5' ],
277 silly audit   '@jridgewell/trace-mapping': [ '0.3.31' ],
277 silly audit   '@napi-rs/lzma-linux-x64-gnu': [ '1.5.1' ],
277 silly audit   '@rolldown/pluginutils': [ '1.0.0-beta.27' ],
277 silly audit   '@rollup/rollup-android-arm-eabi': [ '4.62.4' ],
277 silly audit   '@rollup/rollup-android-arm64': [ '4.62.4' ],
277 silly audit   '@rollup/rollup-darwin-arm64': [ '4.62.4' ],
277 silly audit   '@rollup/rollup-darwin-x64': [ '4.62.4' ],
277 silly audit   '@rollup/rollup-freebsd-arm64': [ '4.62.4' ],
277 silly audit   '@rollup/rollup-freebsd-x64': [ '4.62.4' ],
277 silly audit   '@rollup/rollup-linux-arm-gnueabihf': [ '4.62.4' ],
277 silly audit   '@rollup/rollup-linux-arm-musleabihf': [ '4.62.4' ],
277 silly audit   '@rollup/rollup-linux-arm64-gnu': [ '4.62.4' ],
277 silly audit   '@rollup/rollup-linux-arm64-musl': [ '4.62.4' ],
277 silly audit   '@rollup/rollup-linux-loong64-gnu': [ '4.62.4' ],
277 silly audit   '@rollup/rollup-linux-loong64-musl': [ '4.62.4' ],
277 silly audit   '@rollup/rollup-linux-ppc64-gnu': [ '4.62.4' ],
277 silly audit   '@rollup/rollup-linux-ppc64-musl': [ '4.62.4' ],
277 silly audit   '@rollup/rollup-linux-riscv64-gnu': [ '4.62.4' ],
277 silly audit   '@rollup/rollup-linux-riscv64-musl': [ '4.62.4' ],
277 silly audit   '@rollup/rollup-linux-s390x-gnu': [ '4.62.4' ],
277 silly audit   '@rollup/rollup-linux-x64-gnu': [ '4.62.4' ],
277 silly audit   '@rollup/rollup-linux-x64-musl': [ '4.62.4' ],
277 silly audit   '@rollup/rollup-openbsd-x64': [ '4.62.4' ],
277 silly audit   '@rollup/rollup-openharmony-arm64': [ '4.62.4' ],
277 silly audit   '@rollup/rollup-win32-arm64-msvc': [ '4.62.4' ],
277 silly audit   '@rollup/rollup-win32-ia32-msvc': [ '4.62.4' ],
277 silly audit   '@rollup/rollup-win32-x64-gnu': [ '4.62.4' ],
277 silly audit   '@rollup/rollup-win32-x64-msvc': [ '4.62.4' ],
277 silly audit   '@tailwindcss/node': [ '4.3.3' ],
277 silly audit   '@tailwindcss/oxide': [ '4.3.3' ],
277 silly audit   '@tailwindcss/oxide-android-arm64': [ '4.3.3' ],
277 silly audit   '@tailwindcss/oxide-darwin-arm64': [ '4.3.3' ],
277 silly audit   '@tailwindcss/oxide-darwin-x64': [ '4.3.3' ],
277 silly audit   '@tailwindcss/oxide-freebsd-x64': [ '4.3.3' ],
277 silly audit   '@tailwindcss/oxide-linux-arm-gnueabihf': [ '4.3.3' ],
277 silly audit   '@tailwindcss/oxide-linux-arm64-gnu': [ '4.3.3' ],
277 silly audit   '@tailwindcss/oxide-linux-arm64-musl': [ '4.3.3' ],
277 silly audit   '@tailwindcss/oxide-linux-x64-gnu': [ '4.3.3' ],
277 silly audit   '@tailwindcss/oxide-linux-x64-musl': [ '4.3.3' ],
277 silly audit   '@tailwindcss/oxide-wasm32-wasi': [ '4.3.3' ],
277 silly audit   '@tailwindcss/oxide-win32-arm64-msvc': [ '4.3.3' ],
277 silly audit   '@tailwindcss/oxide-win32-x64-msvc': [ '4.3.3' ],
277 silly audit   '@tailwindcss/vite': [ '4.3.3' ],
277 silly audit   '@types/babel__core': [ '7.20.5' ],
277 silly audit   '@types/babel__generator': [ '7.27.0' ],
277 silly audit   '@types/babel__template': [ '7.4.4' ],
277 silly audit   '@types/babel__traverse': [ '7.28.0' ],
277 silly audit   '@types/estree': [ '1.0.9' ],
277 silly audit   '@types/prop-types': [ '15.7.15' ],
277 silly audit   '@types/react': [ '18.3.31' ],
277 silly audit   '@types/react-dom': [ '18.3.7' ],
277 silly audit   '@vitejs/plugin-react': [ '4.7.0' ],
277 silly audit   'baseline-browser-mapping': [ '2.11.12' ],
277 silly audit   browserslist: [ '4.28.7' ],
277 silly audit   'caniuse-lite': [ '1.0.30001806' ],
277 silly audit   'convert-source-map': [ '2.0.0' ],
277 silly audit   csstype: [ '3.2.3' ],
277 silly audit   debug: [ '4.4.3' ],
277 silly audit   'detect-libc': [ '2.1.2' ],
277 silly audit   'electron-to-chromium': [ '1.5.401' ],
277 silly audit   'enhanced-resolve': [ '5.24.5' ],
277 silly audit   esbuild: [ '0.21.5' ],
277 silly audit   escalade: [ '3.2.0' ],
277 silly audit   fsevents: [ '2.3.3' ],
277 silly audit   gensync: [ '1.0.0-beta.2' ],
277 silly audit   'graceful-fs': [ '4.2.11' ],
277 silly audit   jiti: [ '2.7.0' ],
277 silly audit   'js-tokens': [ '4.0.0' ],
277 silly audit   jsesc: [ '3.1.0' ],
277 silly audit   json5: [ '2.2.3' ],
277 silly audit   lightningcss: [ '1.32.0' ],
277 silly audit   'lightningcss-android-arm64': [ '1.32.0' ],
277 silly audit   'lightningcss-darwin-arm64': [ '1.32.0' ],
277 silly audit   'lightningcss-darwin-x64': [ '1.32.0' ],
277 silly audit   'lightningcss-freebsd-x64': [ '1.32.0' ],
277 silly audit   'lightningcss-linux-arm-gnueabihf': [ '1.32.0' ],
277 silly audit   'lightningcss-linux-arm64-gnu': [ '1.32.0' ],
277 silly audit   'lightningcss-linux-arm64-musl': [ '1.32.0' ],
277 silly audit   'lightningcss-linux-x64-gnu': [ '1.32.0' ],
277 silly audit   'lightningcss-linux-x64-musl': [ '1.32.0' ],
277 silly audit   'lightningcss-win32-arm64-msvc': [ '1.32.0' ],
277 silly audit   'lightningcss-win32-x64-msvc': [ '1.32.0' ],
277 silly audit   'loose-envify': [ '1.4.0' ],
277 silly audit   'lru-cache': [ '5.1.1' ],
277 silly audit   'magic-string': [ '0.30.21' ],
277 silly audit   ms: [ '2.1.3' ],
277 silly audit   nanoid: [ '3.3.17' ],
277 silly audit   'node-releases': [ '2.0.52' ],
277 silly audit   picocolors: [ '1.1.1' ],
277 silly audit   postcss: [ '8.5.25' ],
277 silly audit   react: [ '18.3.1' ],
277 silly audit   'react-dom': [ '18.3.1' ],
277 silly audit   'react-refresh': [ '0.17.0' ],
277 silly audit   rollup: [ '4.62.4' ],
277 silly audit   scheduler: [ '0.23.2' ],
277 silly audit   semver: [ '6.3.1' ],
277 silly audit   'source-map-js': [ '1.2.1' ],
277 silly audit   tailwindcss: [ '4.3.3' ],
277 silly audit   tapable: [ '2.3.3' ],
277 silly audit   typescript: [ '5.9.3' ],
277 silly audit   'update-browserslist-db': [ '1.2.3' ],
277 silly audit   vite: [ '5.4.21' ],
277 silly audit   yallist: [ '3.1.1' ],
277 silly audit   'zpl-renderer-js': [ '4.0.0' ],
277 silly audit   '@hookform/resolvers': [ '5.7.1' ],
277 silly audit   'react-hook-form': [ '7.84.0' ],
277 silly audit   zod: [ '4.4.3' ],
277 silly audit   '@standard-schema/utils': [ '0.3.0' ]
277 silly audit }
278 http cache @standard-schema/utils@https://registry.npmjs.org/@standard-schema/utils/-/utils-0.3.0.tgz 0ms (cache hit)
279 http cache react-hook-form@https://registry.npmjs.org/react-hook-form/-/react-hook-form-7.84.0.tgz 0ms (cache hit)
280 http cache zod@https://registry.npmjs.org/zod/-/zod-4.4.3.tgz 0ms (cache hit)
281 http cache @hookform/resolvers@https://registry.npmjs.org/@hookform/resolvers/-/resolvers-5.7.1.tgz 0ms (cache hit)
282 silly tarball no local data for @standard-schema/utils@https://registry.npmjs.org/@standard-schema/utils/-/utils-0.3.0.tgz. Extracting by manifest.
283 silly tarball no local data for react-hook-form@https://registry.npmjs.org/react-hook-form/-/react-hook-form-7.84.0.tgz. Extracting by manifest.
284 silly tarball no local data for zod@https://registry.npmjs.org/zod/-/zod-4.4.3.tgz. Extracting by manifest.
285 silly tarball no local data for @hookform/resolvers@https://registry.npmjs.org/@hookform/resolvers/-/resolvers-5.7.1.tgz. Extracting by manifest.
286 http fetch GET 200 https://registry.npmjs.org/@standard-schema/utils/-/utils-0.3.0.tgz 169ms (cache miss)
287 http fetch POST 200 https://registry.npmjs.org/-/npm/v1/security/advisories/bulk 222ms
288 silly audit report {
288 silly audit report   esbuild: [
288 silly audit report     {
288 silly audit report       id: 1102341,
288 silly audit report       url: 'https://github.com/advisories/GHSA-67mh-4wv8-2f99',
288 silly audit report       title: 'esbuild enables any website to send any requests to the development server and read the response',
288 silly audit report       severity: 'moderate',
288 silly audit report       vulnerable_versions: '<=0.24.2',
288 silly audit report       cwe: [Array],
288 silly audit report       cvss: [Object]
288 silly audit report     }
288 silly audit report   ],
288 silly audit report   vite: [
288 silly audit report     {
288 silly audit report       id: 1120784,
288 silly audit report       url: 'https://github.com/advisories/GHSA-v6wh-96g9-6wx3',
288 silly audit report       title: 'launch-editor: NTLMv2 hash disclosure via UNC path handling on Windows',
288 silly audit report       severity: 'moderate',
288 silly audit report       vulnerable_versions: '<=6.4.2',
288 silly audit report       cwe: [Array],
288 silly audit report       cvss: [Object]
288 silly audit report     },
288 silly audit report     {
288 silly audit report       id: 1116229,
288 silly audit report       url: 'https://github.com/advisories/GHSA-4w7w-66w2-5vf9',
288 silly audit report       title: 'Vite Vulnerable to Path Traversal in Optimized Deps `.map` Handling',
288 silly audit report       severity: 'moderate',
288 silly audit report       vulnerable_versions: '<=6.4.1',
288 silly audit report       cwe: [Array],
288 silly audit report       cvss: [Object]
288 silly audit report     },
288 silly audit report     {
288 silly audit report       id: 1123525,
288 silly audit report       url: 'https://github.com/advisories/GHSA-fx2h-pf6j-xcff',
288 silly audit report       title: 'vite: `server.fs.deny` bypass on Windows alternate paths',
288 silly audit report       severity: 'high',
288 silly audit report       vulnerable_versions: '<=6.4.2',
288 silly audit report       cwe: [Array],
288 silly audit report       cvss: [Object]
288 silly audit report     }
288 silly audit report   ]
288 silly audit report }
289 silly packumentCache corgi:https://registry.npmjs.org/esbuild cache-miss
290 silly packumentCache corgi:https://registry.npmjs.org/vite cache-miss
291 http fetch GET 200 https://registry.npmjs.org/vite 36ms (cache revalidated)
292 silly packumentCache corgi:https://registry.npmjs.org/vite set size:2291880 disposed:false
293 http fetch GET 200 https://registry.npmjs.org/react-hook-form/-/react-hook-form-7.84.0.tgz 296ms (cache miss)
294 http fetch GET 200 https://registry.npmjs.org/@hookform/resolvers/-/resolvers-5.7.1.tgz 382ms (cache miss)
295 http fetch GET 200 https://registry.npmjs.org/esbuild 171ms (cache revalidated)
296 silly packumentCache corgi:https://registry.npmjs.org/esbuild set size:887361 disposed:false
297 silly packumentCache corgi:https://registry.npmjs.org/@tailwindcss%2fvite cache-miss
298 silly packumentCache corgi:https://registry.npmjs.org/@vitejs%2fplugin-react cache-miss
299 http fetch GET 200 https://registry.npmjs.org/zod/-/zod-4.4.3.tgz 464ms (cache miss)
300 http fetch GET 200 https://registry.npmjs.org/@vitejs%2fplugin-react 140ms (cache revalidated)
301 silly packumentCache corgi:https://registry.npmjs.org/@vitejs%2fplugin-react set size:117751 disposed:false
302 http fetch GET 200 https://registry.npmjs.org/@tailwindcss%2fvite 152ms (cache revalidated)
303 silly packumentCache corgi:https://registry.npmjs.org/@tailwindcss%2fvite set size:911545 disposed:false
304 silly ADD node_modules/@standard-schema/utils
305 silly ADD node_modules/zod
306 silly ADD node_modules/react-hook-form
307 silly ADD node_modules/@hookform/resolvers
308 warn allow-scripts 2 packages have install scripts not yet covered by allowScripts:
308 warn allow-scripts   esbuild@0.21.5 (install: (install scripts present))
308 warn allow-scripts   fsevents@2.3.3 (install: (install scripts present))
308 warn allow-scripts
308 warn allow-scripts Run `npm approve-scripts --allow-scripts-pending` to review, or `npm approve-scripts <pkg>` to allow.
309 verbose cwd /Users/macuser/Documents/technical-test/test-hc-frontend
310 verbose os Darwin 25.5.0
311 verbose node v22.21.1
312 verbose npm  v11.16.0
313 verbose exit 0
314 info ok
