0 verbose cli /Users/macuser/.nvm/versions/node/v22.21.1/bin/node /Users/macuser/.nvm/versions/node/v22.21.1/bin/npm
1 info using npm@11.16.0
2 info using node@v22.21.1
3 silly config load:file:/Users/macuser/.nvm/versions/node/v22.21.1/lib/node_modules/npm/npmrc
4 silly config load:file:/Users/macuser/Documents/technical-test/test-hc-frontend/.npmrc
5 silly config load:file:/Users/macuser/.npmrc
6 silly config load:file:/Users/macuser/.nvm/versions/node/v22.21.1/etc/npmrc
7 verbose title npm install axios
8 verbose argv "install" "axios"
9 verbose logfile logs-max:10 dir:/Users/macuser/Documents/technical-test/test-hc-frontend/local_npm/_logs/2026-08-06T16_25_53_435Z-
10 verbose logfile /Users/macuser/Documents/technical-test/test-hc-frontend/local_npm/_logs/2026-08-06T16_25_53_435Z-debug-0.log
11 silly logfile start cleaning logs, removing 1 files
12 silly logfile done cleaning log files
13 silly packumentCache heap:4345298944 maxSize:1086324736 maxEntrySize:543162368
14 silly idealTree buildDeps
15 silly fetch manifest axios@*
16 silly packumentCache full:https://registry.npmjs.org/axios cache-miss
17 http fetch GET 200 https://registry.npmjs.org/axios 193ms (cache miss)
18 silly packumentCache full:https://registry.npmjs.org/axios set size:undefined disposed:false
19 silly placeDep ROOT axios@1.19.0 OK for: etq-print-frontend@1.0.0 want: *
20 silly fetch manifest form-data@^4.0.6
21 silly packumentCache full:https://registry.npmjs.org/form-data cache-miss
22 silly fetch manifest proxy-from-env@^2.1.0
23 silly packumentCache full:https://registry.npmjs.org/proxy-from-env cache-miss
24 silly fetch manifest follow-redirects@^1.16.0
25 silly packumentCache full:https://registry.npmjs.org/follow-redirects cache-miss
26 silly fetch manifest https-proxy-agent@^5.0.1
27 silly packumentCache full:https://registry.npmjs.org/https-proxy-agent cache-miss
28 http fetch GET 200 https://registry.npmjs.org/form-data 37ms (cache miss)
29 silly packumentCache full:https://registry.npmjs.org/form-data set size:undefined disposed:false
30 http fetch GET 200 https://registry.npmjs.org/proxy-from-env 94ms (cache miss)
31 silly packumentCache full:https://registry.npmjs.org/proxy-from-env set size:undefined disposed:false
32 http fetch GET 200 https://registry.npmjs.org/https-proxy-agent 103ms (cache miss)
33 silly packumentCache full:https://registry.npmjs.org/https-proxy-agent set size:undefined disposed:false
34 http fetch GET 200 https://registry.npmjs.org/follow-redirects 106ms (cache miss)
35 silly packumentCache full:https://registry.npmjs.org/follow-redirects set size:undefined disposed:false
36 silly placeDep ROOT follow-redirects@1.16.0 OK for: axios@1.19.0 want: ^1.16.0
37 silly placeDep ROOT form-data@4.0.6 OK for: axios@1.19.0 want: ^4.0.6
38 silly placeDep ROOT https-proxy-agent@5.0.1 OK for: axios@1.19.0 want: ^5.0.1
39 silly placeDep ROOT proxy-from-env@2.1.0 OK for: axios@1.19.0 want: ^2.1.0
40 silly fetch manifest hasown@^2.0.4
41 silly packumentCache full:https://registry.npmjs.org/hasown cache-miss
42 silly fetch manifest asynckit@^0.4.0
43 silly packumentCache full:https://registry.npmjs.org/asynckit cache-miss
44 silly fetch manifest mime-types@^2.1.35
45 silly packumentCache full:https://registry.npmjs.org/mime-types cache-miss
46 silly fetch manifest combined-stream@^1.0.8
47 silly packumentCache full:https://registry.npmjs.org/combined-stream cache-miss
48 silly fetch manifest es-set-tostringtag@^2.1.0
49 silly packumentCache full:https://registry.npmjs.org/es-set-tostringtag cache-miss
50 silly fetch manifest agent-base@6
51 silly packumentCache full:https://registry.npmjs.org/agent-base cache-miss
52 http fetch GET 200 https://registry.npmjs.org/hasown 33ms (cache miss)
53 silly packumentCache full:https://registry.npmjs.org/hasown set size:undefined disposed:false
54 http fetch GET 200 https://registry.npmjs.org/es-set-tostringtag 36ms (cache miss)
55 silly packumentCache full:https://registry.npmjs.org/es-set-tostringtag set size:undefined disposed:false
56 http fetch GET 200 https://registry.npmjs.org/combined-stream 37ms (cache miss)
57 silly packumentCache full:https://registry.npmjs.org/combined-stream set size:undefined disposed:false
58 http fetch GET 200 https://registry.npmjs.org/asynckit 38ms (cache miss)
59 silly packumentCache full:https://registry.npmjs.org/asynckit set size:undefined disposed:false
60 http fetch GET 200 https://registry.npmjs.org/agent-base 213ms (cache miss)
61 silly packumentCache full:https://registry.npmjs.org/agent-base set size:undefined disposed:false
62 http fetch GET 200 https://registry.npmjs.org/mime-types 249ms (cache miss)
63 silly packumentCache full:https://registry.npmjs.org/mime-types set size:undefined disposed:false
64 silly placeDep ROOT asynckit@0.4.0 OK for: form-data@4.0.6 want: ^0.4.0
65 silly placeDep ROOT combined-stream@1.0.8 OK for: form-data@4.0.6 want: ^1.0.8
66 silly placeDep ROOT es-set-tostringtag@2.1.0 OK for: form-data@4.0.6 want: ^2.1.0
67 silly placeDep ROOT hasown@2.0.4 OK for: form-data@4.0.6 want: ^2.0.4
68 silly placeDep ROOT mime-types@2.1.35 OK for: form-data@4.0.6 want: ^2.1.35
69 silly fetch manifest delayed-stream@~1.0.0
70 silly packumentCache full:https://registry.npmjs.org/delayed-stream cache-miss
71 silly fetch manifest es-errors@^1.3.0
72 silly packumentCache full:https://registry.npmjs.org/es-errors cache-miss
73 silly fetch manifest get-intrinsic@^1.2.6
74 silly packumentCache full:https://registry.npmjs.org/get-intrinsic cache-miss
75 silly fetch manifest has-tostringtag@^1.0.2
76 silly packumentCache full:https://registry.npmjs.org/has-tostringtag cache-miss
77 silly fetch manifest hasown@^2.0.2
78 silly packumentCache full:https://registry.npmjs.org/hasown cache-miss
79 silly fetch manifest function-bind@^1.1.2
80 silly packumentCache full:https://registry.npmjs.org/function-bind cache-miss
81 silly fetch manifest mime-db@1.52.0
82 silly packumentCache full:https://registry.npmjs.org/mime-db cache-miss
83 http cache https://registry.npmjs.org/hasown 7ms (cache hit)
84 silly packumentCache full:https://registry.npmjs.org/hasown set size:18361 disposed:false
85 http fetch GET 200 https://registry.npmjs.org/function-bind 38ms (cache miss)
86 silly packumentCache full:https://registry.npmjs.org/function-bind set size:undefined disposed:false
87 http fetch GET 200 https://registry.npmjs.org/delayed-stream 40ms (cache miss)
88 silly packumentCache full:https://registry.npmjs.org/delayed-stream set size:undefined disposed:false
89 http fetch GET 200 https://registry.npmjs.org/es-errors 42ms (cache miss)
90 silly packumentCache full:https://registry.npmjs.org/es-errors set size:undefined disposed:false
91 http fetch GET 200 https://registry.npmjs.org/get-intrinsic 44ms (cache miss)
92 silly packumentCache full:https://registry.npmjs.org/get-intrinsic set size:undefined disposed:false
93 http fetch GET 200 https://registry.npmjs.org/mime-db 45ms (cache miss)
94 silly packumentCache full:https://registry.npmjs.org/mime-db set size:undefined disposed:false
95 http fetch GET 200 https://registry.npmjs.org/has-tostringtag 174ms (cache miss)
96 silly packumentCache full:https://registry.npmjs.org/has-tostringtag set size:undefined disposed:false
97 silly placeDep ROOT delayed-stream@1.0.0 OK for: combined-stream@1.0.8 want: ~1.0.0
98 silly placeDep ROOT es-errors@1.3.0 OK for: es-set-tostringtag@2.1.0 want: ^1.3.0
99 silly placeDep ROOT get-intrinsic@1.3.0 OK for: es-set-tostringtag@2.1.0 want: ^1.2.6
100 silly placeDep ROOT has-tostringtag@1.0.2 OK for: es-set-tostringtag@2.1.0 want: ^1.0.2
101 silly fetch manifest gopd@^1.2.0
102 silly packumentCache full:https://registry.npmjs.org/gopd cache-miss
103 silly fetch manifest get-proto@^1.0.1
104 silly packumentCache full:https://registry.npmjs.org/get-proto cache-miss
105 silly fetch manifest has-symbols@^1.1.0
106 silly packumentCache full:https://registry.npmjs.org/has-symbols cache-miss
107 silly fetch manifest es-object-atoms@^1.1.1
108 silly packumentCache full:https://registry.npmjs.org/es-object-atoms cache-miss
109 silly fetch manifest math-intrinsics@^1.1.0
110 silly packumentCache full:https://registry.npmjs.org/math-intrinsics cache-miss
111 silly fetch manifest es-define-property@^1.0.1
112 silly packumentCache full:https://registry.npmjs.org/es-define-property cache-miss
113 silly fetch manifest call-bind-apply-helpers@^1.0.2
114 silly packumentCache full:https://registry.npmjs.org/call-bind-apply-helpers cache-miss
115 http fetch GET 200 https://registry.npmjs.org/get-proto 37ms (cache miss)
116 silly packumentCache full:https://registry.npmjs.org/get-proto set size:undefined disposed:false
117 silly fetch manifest has-symbols@^1.0.3
118 silly packumentCache full:https://registry.npmjs.org/has-symbols cache-miss
119 http fetch GET 200 https://registry.npmjs.org/es-define-property 39ms (cache miss)
120 silly packumentCache full:https://registry.npmjs.org/es-define-property set size:undefined disposed:false
121 http fetch GET 200 https://registry.npmjs.org/es-object-atoms 39ms (cache miss)
122 silly packumentCache full:https://registry.npmjs.org/es-object-atoms set size:undefined disposed:false
123 http fetch GET 200 https://registry.npmjs.org/gopd 41ms (cache miss)
124 silly packumentCache full:https://registry.npmjs.org/gopd set size:undefined disposed:false
125 http fetch GET 200 https://registry.npmjs.org/math-intrinsics 40ms (cache miss)
126 silly packumentCache full:https://registry.npmjs.org/math-intrinsics set size:undefined disposed:false
127 http fetch GET 200 https://registry.npmjs.org/has-symbols 40ms (cache miss)
128 silly packumentCache full:https://registry.npmjs.org/has-symbols set size:undefined disposed:false
129 http cache https://registry.npmjs.org/has-symbols 2ms (cache hit)
130 silly packumentCache full:https://registry.npmjs.org/has-symbols set size:21550 disposed:false
131 http fetch GET 200 https://registry.npmjs.org/call-bind-apply-helpers 93ms (cache miss)
132 silly packumentCache full:https://registry.npmjs.org/call-bind-apply-helpers set size:undefined disposed:false
133 silly placeDep ROOT call-bind-apply-helpers@1.0.2 OK for: get-intrinsic@1.3.0 want: ^1.0.2
134 silly placeDep ROOT es-define-property@1.0.1 OK for: get-intrinsic@1.3.0 want: ^1.0.1
135 silly placeDep ROOT es-object-atoms@1.1.2 OK for: get-intrinsic@1.3.0 want: ^1.1.1
136 silly placeDep ROOT function-bind@1.1.2 OK for: get-intrinsic@1.3.0 want: ^1.1.2
137 silly placeDep ROOT get-proto@1.0.1 OK for: get-intrinsic@1.3.0 want: ^1.0.1
138 silly placeDep ROOT gopd@1.2.0 OK for: get-intrinsic@1.3.0 want: ^1.2.0
139 silly placeDep ROOT has-symbols@1.1.0 OK for: get-intrinsic@1.3.0 want: ^1.1.0
140 silly placeDep ROOT math-intrinsics@1.1.0 OK for: get-intrinsic@1.3.0 want: ^1.1.0
141 silly fetch manifest dunder-proto@^1.0.1
142 silly packumentCache full:https://registry.npmjs.org/dunder-proto cache-miss
143 http fetch GET 200 https://registry.npmjs.org/dunder-proto 32ms (cache miss)
144 silly packumentCache full:https://registry.npmjs.org/dunder-proto set size:undefined disposed:false
145 silly placeDep ROOT dunder-proto@1.0.1 OK for: get-proto@1.0.1 want: ^1.0.1
146 silly placeDep ROOT agent-base@6.0.2 OK for: https-proxy-agent@5.0.1 want: 6
147 silly placeDep ROOT mime-db@1.52.0 OK for: mime-types@2.1.35 want: 1.52.0
148 silly reify moves {}
149 silly audit bulk request {
149 silly audit   '@babel/code-frame': [ '7.29.7' ],
149 silly audit   '@babel/compat-data': [ '7.29.7' ],
149 silly audit   '@babel/core': [ '7.29.7' ],
149 silly audit   '@babel/generator': [ '7.29.8' ],
149 silly audit   '@babel/helper-compilation-targets': [ '7.29.7' ],
149 silly audit   '@babel/helper-globals': [ '7.29.7' ],
149 silly audit   '@babel/helper-module-imports': [ '7.29.7' ],
149 silly audit   '@babel/helper-module-transforms': [ '7.29.7' ],
149 silly audit   '@babel/helper-plugin-utils': [ '7.29.7' ],
149 silly audit   '@babel/helper-string-parser': [ '7.29.7' ],
149 silly audit   '@babel/helper-validator-identifier': [ '7.29.7' ],
149 silly audit   '@babel/helper-validator-option': [ '7.29.7' ],
149 silly audit   '@babel/helpers': [ '7.29.7' ],
149 silly audit   '@babel/parser': [ '7.29.8' ],
149 silly audit   '@babel/plugin-transform-react-jsx-self': [ '7.29.7' ],
149 silly audit   '@babel/plugin-transform-react-jsx-source': [ '7.29.7' ],
149 silly audit   '@babel/template': [ '7.29.7' ],
149 silly audit   '@babel/traverse': [ '7.29.8' ],
149 silly audit   '@babel/types': [ '7.29.8' ],
149 silly audit   '@esbuild/aix-ppc64': [ '0.21.5' ],
149 silly audit   '@esbuild/android-arm': [ '0.21.5' ],
149 silly audit   '@esbuild/android-arm64': [ '0.21.5' ],
149 silly audit   '@esbuild/android-x64': [ '0.21.5' ],
149 silly audit   '@esbuild/darwin-arm64': [ '0.21.5' ],
149 silly audit   '@esbuild/darwin-x64': [ '0.21.5' ],
149 silly audit   '@esbuild/freebsd-arm64': [ '0.21.5' ],
149 silly audit   '@esbuild/freebsd-x64': [ '0.21.5' ],
149 silly audit   '@esbuild/linux-arm': [ '0.21.5' ],
149 silly audit   '@esbuild/linux-arm64': [ '0.21.5' ],
149 silly audit   '@esbuild/linux-ia32': [ '0.21.5' ],
149 silly audit   '@esbuild/linux-loong64': [ '0.21.5' ],
149 silly audit   '@esbuild/linux-mips64el': [ '0.21.5' ],
149 silly audit   '@esbuild/linux-ppc64': [ '0.21.5' ],
149 silly audit   '@esbuild/linux-riscv64': [ '0.21.5' ],
149 silly audit   '@esbuild/linux-s390x': [ '0.21.5' ],
149 silly audit   '@esbuild/linux-x64': [ '0.21.5' ],
149 silly audit   '@esbuild/netbsd-x64': [ '0.21.5' ],
149 silly audit   '@esbuild/openbsd-x64': [ '0.21.5' ],
149 silly audit   '@esbuild/sunos-x64': [ '0.21.5' ],
149 silly audit   '@esbuild/win32-arm64': [ '0.21.5' ],
149 silly audit   '@esbuild/win32-ia32': [ '0.21.5' ],
149 silly audit   '@esbuild/win32-x64': [ '0.21.5' ],
149 silly audit   '@hookform/resolvers': [ '5.7.1' ],
149 silly audit   '@jridgewell/gen-mapping': [ '0.3.13' ],
149 silly audit   '@jridgewell/remapping': [ '2.3.5' ],
149 silly audit   '@jridgewell/resolve-uri': [ '3.1.2' ],
149 silly audit   '@jridgewell/sourcemap-codec': [ '1.5.5' ],
149 silly audit   '@jridgewell/trace-mapping': [ '0.3.31' ],
149 silly audit   '@napi-rs/lzma-linux-x64-gnu': [ '1.5.1' ],
149 silly audit   '@rolldown/pluginutils': [ '1.0.0-beta.27' ],
149 silly audit   '@rollup/rollup-android-arm-eabi': [ '4.62.4' ],
149 silly audit   '@rollup/rollup-android-arm64': [ '4.62.4' ],
149 silly audit   '@rollup/rollup-darwin-arm64': [ '4.62.4' ],
149 silly audit   '@rollup/rollup-darwin-x64': [ '4.62.4' ],
149 silly audit   '@rollup/rollup-freebsd-arm64': [ '4.62.4' ],
149 silly audit   '@rollup/rollup-freebsd-x64': [ '4.62.4' ],
149 silly audit   '@rollup/rollup-linux-arm-gnueabihf': [ '4.62.4' ],
149 silly audit   '@rollup/rollup-linux-arm-musleabihf': [ '4.62.4' ],
149 silly audit   '@rollup/rollup-linux-arm64-gnu': [ '4.62.4' ],
149 silly audit   '@rollup/rollup-linux-arm64-musl': [ '4.62.4' ],
149 silly audit   '@rollup/rollup-linux-loong64-gnu': [ '4.62.4' ],
149 silly audit   '@rollup/rollup-linux-loong64-musl': [ '4.62.4' ],
149 silly audit   '@rollup/rollup-linux-ppc64-gnu': [ '4.62.4' ],
149 silly audit   '@rollup/rollup-linux-ppc64-musl': [ '4.62.4' ],
149 silly audit   '@rollup/rollup-linux-riscv64-gnu': [ '4.62.4' ],
149 silly audit   '@rollup/rollup-linux-riscv64-musl': [ '4.62.4' ],
149 silly audit   '@rollup/rollup-linux-s390x-gnu': [ '4.62.4' ],
149 silly audit   '@rollup/rollup-linux-x64-gnu': [ '4.62.4' ],
149 silly audit   '@rollup/rollup-linux-x64-musl': [ '4.62.4' ],
149 silly audit   '@rollup/rollup-openbsd-x64': [ '4.62.4' ],
149 silly audit   '@rollup/rollup-openharmony-arm64': [ '4.62.4' ],
149 silly audit   '@rollup/rollup-win32-arm64-msvc': [ '4.62.4' ],
149 silly audit   '@rollup/rollup-win32-ia32-msvc': [ '4.62.4' ],
149 silly audit   '@rollup/rollup-win32-x64-gnu': [ '4.62.4' ],
149 silly audit   '@rollup/rollup-win32-x64-msvc': [ '4.62.4' ],
149 silly audit   '@standard-schema/utils': [ '0.3.0' ],
149 silly audit   '@tailwindcss/node': [ '4.3.3' ],
149 silly audit   '@tailwindcss/oxide': [ '4.3.3' ],
149 silly audit   '@tailwindcss/oxide-android-arm64': [ '4.3.3' ],
149 silly audit   '@tailwindcss/oxide-darwin-arm64': [ '4.3.3' ],
149 silly audit   '@tailwindcss/oxide-darwin-x64': [ '4.3.3' ],
149 silly audit   '@tailwindcss/oxide-freebsd-x64': [ '4.3.3' ],
149 silly audit   '@tailwindcss/oxide-linux-arm-gnueabihf': [ '4.3.3' ],
149 silly audit   '@tailwindcss/oxide-linux-arm64-gnu': [ '4.3.3' ],
149 silly audit   '@tailwindcss/oxide-linux-arm64-musl': [ '4.3.3' ],
149 silly audit   '@tailwindcss/oxide-linux-x64-gnu': [ '4.3.3' ],
149 silly audit   '@tailwindcss/oxide-linux-x64-musl': [ '4.3.3' ],
149 silly audit   '@tailwindcss/oxide-wasm32-wasi': [ '4.3.3' ],
149 silly audit   '@tailwindcss/oxide-win32-arm64-msvc': [ '4.3.3' ],
149 silly audit   '@tailwindcss/oxide-win32-x64-msvc': [ '4.3.3' ],
149 silly audit   '@tailwindcss/vite': [ '4.3.3' ],
149 silly audit   '@types/babel__core': [ '7.20.5' ],
149 silly audit   '@types/babel__generator': [ '7.27.0' ],
149 silly audit   '@types/babel__template': [ '7.4.4' ],
149 silly audit   '@types/babel__traverse': [ '7.28.0' ],
149 silly audit   '@types/estree': [ '1.0.9' ],
149 silly audit   '@types/prop-types': [ '15.7.15' ],
149 silly audit   '@types/react': [ '18.3.31' ],
149 silly audit   '@types/react-dom': [ '18.3.7' ],
149 silly audit   '@vitejs/plugin-react': [ '4.7.0' ],
149 silly audit   'baseline-browser-mapping': [ '2.11.12' ],
149 silly audit   browserslist: [ '4.28.7' ],
149 silly audit   'caniuse-lite': [ '1.0.30001806' ],
149 silly audit   'convert-source-map': [ '2.0.0' ],
149 silly audit   csstype: [ '3.2.3' ],
149 silly audit   debug: [ '4.4.3' ],
149 silly audit   'detect-libc': [ '2.1.2' ],
149 silly audit   'electron-to-chromium': [ '1.5.401' ],
149 silly audit   'enhanced-resolve': [ '5.24.5' ],
149 silly audit   esbuild: [ '0.21.5' ],
149 silly audit   escalade: [ '3.2.0' ],
149 silly audit   fsevents: [ '2.3.3' ],
149 silly audit   gensync: [ '1.0.0-beta.2' ],
149 silly audit   'graceful-fs': [ '4.2.11' ],
149 silly audit   jiti: [ '2.7.0' ],
149 silly audit   'js-tokens': [ '4.0.0' ],
149 silly audit   jsesc: [ '3.1.0' ],
149 silly audit   json5: [ '2.2.3' ],
149 silly audit   lightningcss: [ '1.32.0' ],
149 silly audit   'lightningcss-android-arm64': [ '1.32.0' ],
149 silly audit   'lightningcss-darwin-arm64': [ '1.32.0' ],
149 silly audit   'lightningcss-darwin-x64': [ '1.32.0' ],
149 silly audit   'lightningcss-freebsd-x64': [ '1.32.0' ],
149 silly audit   'lightningcss-linux-arm-gnueabihf': [ '1.32.0' ],
149 silly audit   'lightningcss-linux-arm64-gnu': [ '1.32.0' ],
149 silly audit   'lightningcss-linux-arm64-musl': [ '1.32.0' ],
149 silly audit   'lightningcss-linux-x64-gnu': [ '1.32.0' ],
149 silly audit   'lightningcss-linux-x64-musl': [ '1.32.0' ],
149 silly audit   'lightningcss-win32-arm64-msvc': [ '1.32.0' ],
149 silly audit   'lightningcss-win32-x64-msvc': [ '1.32.0' ],
149 silly audit   'loose-envify': [ '1.4.0' ],
149 silly audit   'lru-cache': [ '5.1.1' ],
149 silly audit   'magic-string': [ '0.30.21' ],
149 silly audit   ms: [ '2.1.3' ],
149 silly audit   nanoid: [ '3.3.17' ],
149 silly audit   'node-releases': [ '2.0.52' ],
149 silly audit   picocolors: [ '1.1.1' ],
149 silly audit   postcss: [ '8.5.25' ],
149 silly audit   react: [ '18.3.1' ],
149 silly audit   'react-dom': [ '18.3.1' ],
149 silly audit   'react-hook-form': [ '7.84.0' ],
149 silly audit   'react-refresh': [ '0.17.0' ],
149 silly audit   rollup: [ '4.62.4' ],
149 silly audit   scheduler: [ '0.23.2' ],
149 silly audit   semver: [ '6.3.1' ],
149 silly audit   'source-map-js': [ '1.2.1' ],
149 silly audit   tailwindcss: [ '4.3.3' ],
149 silly audit   tapable: [ '2.3.3' ],
149 silly audit   typescript: [ '5.9.3' ],
149 silly audit   'update-browserslist-db': [ '1.2.3' ],
149 silly audit   vite: [ '5.4.21' ],
149 silly audit   yallist: [ '3.1.1' ],
149 silly audit   zod: [ '4.4.3' ],
149 silly audit   'zpl-renderer-js': [ '4.0.0' ],
149 silly audit   axios: [ '1.19.0' ],
149 silly audit   'follow-redirects': [ '1.16.0' ],
149 silly audit   'form-data': [ '4.0.6' ],
149 silly audit   'https-proxy-agent': [ '5.0.1' ],
149 silly audit   'proxy-from-env': [ '2.1.0' ],
149 silly audit   asynckit: [ '0.4.0' ],
149 silly audit   'combined-stream': [ '1.0.8' ],
149 silly audit   'es-set-tostringtag': [ '2.1.0' ],
149 silly audit   hasown: [ '2.0.4' ],
149 silly audit   'mime-types': [ '2.1.35' ],
149 silly audit   'delayed-stream': [ '1.0.0' ],
149 silly audit   'es-errors': [ '1.3.0' ],
149 silly audit   'get-intrinsic': [ '1.3.0' ],
149 silly audit   'has-tostringtag': [ '1.0.2' ],
149 silly audit   'call-bind-apply-helpers': [ '1.0.2' ],
149 silly audit   'es-define-property': [ '1.0.1' ],
149 silly audit   'es-object-atoms': [ '1.1.2' ],
149 silly audit   'function-bind': [ '1.1.2' ],
149 silly audit   'get-proto': [ '1.0.1' ],
149 silly audit   gopd: [ '1.2.0' ],
149 silly audit   'has-symbols': [ '1.1.0' ],
149 silly audit   'math-intrinsics': [ '1.1.0' ],
149 silly audit   'dunder-proto': [ '1.0.1' ],
149 silly audit   'agent-base': [ '6.0.2' ],
149 silly audit   'mime-db': [ '1.52.0' ]
149 silly audit }
150 http cache mime-db@https://registry.npmjs.org/mime-db/-/mime-db-1.52.0.tgz 0ms (cache hit)
151 http cache dunder-proto@https://registry.npmjs.org/dunder-proto/-/dunder-proto-1.0.1.tgz 0ms (cache hit)
152 http cache agent-base@https://registry.npmjs.org/agent-base/-/agent-base-6.0.2.tgz 0ms (cache hit)
153 http cache math-intrinsics@https://registry.npmjs.org/math-intrinsics/-/math-intrinsics-1.1.0.tgz 0ms (cache hit)
154 http cache has-symbols@https://registry.npmjs.org/has-symbols/-/has-symbols-1.1.0.tgz 0ms (cache hit)
155 http cache gopd@https://registry.npmjs.org/gopd/-/gopd-1.2.0.tgz 0ms (cache hit)
156 http cache get-proto@https://registry.npmjs.org/get-proto/-/get-proto-1.0.1.tgz 0ms (cache hit)
157 http cache function-bind@https://registry.npmjs.org/function-bind/-/function-bind-1.1.2.tgz 0ms (cache hit)
158 http cache es-object-atoms@https://registry.npmjs.org/es-object-atoms/-/es-object-atoms-1.1.2.tgz 0ms (cache hit)
159 http cache es-define-property@https://registry.npmjs.org/es-define-property/-/es-define-property-1.0.1.tgz 0ms (cache hit)
160 http cache has-tostringtag@https://registry.npmjs.org/has-tostringtag/-/has-tostringtag-1.0.2.tgz 0ms (cache hit)
161 http cache call-bind-apply-helpers@https://registry.npmjs.org/call-bind-apply-helpers/-/call-bind-apply-helpers-1.0.2.tgz 0ms (cache hit)
162 http cache get-intrinsic@https://registry.npmjs.org/get-intrinsic/-/get-intrinsic-1.3.0.tgz 0ms (cache hit)
163 http cache es-errors@https://registry.npmjs.org/es-errors/-/es-errors-1.3.0.tgz 0ms (cache hit)
164 http cache delayed-stream@https://registry.npmjs.org/delayed-stream/-/delayed-stream-1.0.0.tgz 0ms (cache hit)
165 http cache mime-types@https://registry.npmjs.org/mime-types/-/mime-types-2.1.35.tgz 0ms (cache hit)
166 http cache hasown@https://registry.npmjs.org/hasown/-/hasown-2.0.4.tgz 0ms (cache hit)
167 http cache es-set-tostringtag@https://registry.npmjs.org/es-set-tostringtag/-/es-set-tostringtag-2.1.0.tgz 0ms (cache hit)
168 http cache combined-stream@https://registry.npmjs.org/combined-stream/-/combined-stream-1.0.8.tgz 0ms (cache hit)
169 http cache asynckit@https://registry.npmjs.org/asynckit/-/asynckit-0.4.0.tgz 0ms (cache hit)
170 http cache proxy-from-env@https://registry.npmjs.org/proxy-from-env/-/proxy-from-env-2.1.0.tgz 0ms (cache hit)
171 http cache form-data@https://registry.npmjs.org/form-data/-/form-data-4.0.6.tgz 0ms (cache hit)
172 http cache https-proxy-agent@https://registry.npmjs.org/https-proxy-agent/-/https-proxy-agent-5.0.1.tgz 0ms (cache hit)
173 http cache follow-redirects@https://registry.npmjs.org/follow-redirects/-/follow-redirects-1.16.0.tgz 0ms (cache hit)
174 http cache axios@https://registry.npmjs.org/axios/-/axios-1.19.0.tgz 0ms (cache hit)
175 silly tarball no local data for mime-db@https://registry.npmjs.org/mime-db/-/mime-db-1.52.0.tgz. Extracting by manifest.
176 silly tarball no local data for dunder-proto@https://registry.npmjs.org/dunder-proto/-/dunder-proto-1.0.1.tgz. Extracting by manifest.
177 silly tarball no local data for agent-base@https://registry.npmjs.org/agent-base/-/agent-base-6.0.2.tgz. Extracting by manifest.
178 silly tarball no local data for math-intrinsics@https://registry.npmjs.org/math-intrinsics/-/math-intrinsics-1.1.0.tgz. Extracting by manifest.
179 silly tarball no local data for has-symbols@https://registry.npmjs.org/has-symbols/-/has-symbols-1.1.0.tgz. Extracting by manifest.
180 silly tarball no local data for gopd@https://registry.npmjs.org/gopd/-/gopd-1.2.0.tgz. Extracting by manifest.
181 silly tarball no local data for get-proto@https://registry.npmjs.org/get-proto/-/get-proto-1.0.1.tgz. Extracting by manifest.
182 silly tarball no local data for function-bind@https://registry.npmjs.org/function-bind/-/function-bind-1.1.2.tgz. Extracting by manifest.
183 silly tarball no local data for es-object-atoms@https://registry.npmjs.org/es-object-atoms/-/es-object-atoms-1.1.2.tgz. Extracting by manifest.
184 silly tarball no local data for has-tostringtag@https://registry.npmjs.org/has-tostringtag/-/has-tostringtag-1.0.2.tgz. Extracting by manifest.
185 silly tarball no local data for es-define-property@https://registry.npmjs.org/es-define-property/-/es-define-property-1.0.1.tgz. Extracting by manifest.
186 silly tarball no local data for call-bind-apply-helpers@https://registry.npmjs.org/call-bind-apply-helpers/-/call-bind-apply-helpers-1.0.2.tgz. Extracting by manifest.
187 silly tarball no local data for es-errors@https://registry.npmjs.org/es-errors/-/es-errors-1.3.0.tgz. Extracting by manifest.
188 silly tarball no local data for mime-types@https://registry.npmjs.org/mime-types/-/mime-types-2.1.35.tgz. Extracting by manifest.
189 silly tarball no local data for get-intrinsic@https://registry.npmjs.org/get-intrinsic/-/get-intrinsic-1.3.0.tgz. Extracting by manifest.
190 silly tarball no local data for delayed-stream@https://registry.npmjs.org/delayed-stream/-/delayed-stream-1.0.0.tgz. Extracting by manifest.
191 silly tarball no local data for hasown@https://registry.npmjs.org/hasown/-/hasown-2.0.4.tgz. Extracting by manifest.
192 silly tarball no local data for es-set-tostringtag@https://registry.npmjs.org/es-set-tostringtag/-/es-set-tostringtag-2.1.0.tgz. Extracting by manifest.
193 silly tarball no local data for asynckit@https://registry.npmjs.org/asynckit/-/asynckit-0.4.0.tgz. Extracting by manifest.
194 silly tarball no local data for combined-stream@https://registry.npmjs.org/combined-stream/-/combined-stream-1.0.8.tgz. Extracting by manifest.
195 silly tarball no local data for proxy-from-env@https://registry.npmjs.org/proxy-from-env/-/proxy-from-env-2.1.0.tgz. Extracting by manifest.
196 silly tarball no local data for https-proxy-agent@https://registry.npmjs.org/https-proxy-agent/-/https-proxy-agent-5.0.1.tgz. Extracting by manifest.
197 silly tarball no local data for form-data@https://registry.npmjs.org/form-data/-/form-data-4.0.6.tgz. Extracting by manifest.
198 silly tarball no local data for axios@https://registry.npmjs.org/axios/-/axios-1.19.0.tgz. Extracting by manifest.
199 silly tarball no local data for follow-redirects@https://registry.npmjs.org/follow-redirects/-/follow-redirects-1.16.0.tgz. Extracting by manifest.
200 http fetch GET 200 https://registry.npmjs.org/dunder-proto/-/dunder-proto-1.0.1.tgz 50ms (cache miss)
201 http fetch GET 200 https://registry.npmjs.org/gopd/-/gopd-1.2.0.tgz 50ms (cache miss)
202 http fetch GET 200 https://registry.npmjs.org/mime-db/-/mime-db-1.52.0.tgz 53ms (cache miss)
203 http fetch GET 200 https://registry.npmjs.org/agent-base/-/agent-base-6.0.2.tgz 53ms (cache miss)
204 http fetch GET 200 https://registry.npmjs.org/has-symbols/-/has-symbols-1.1.0.tgz 53ms (cache miss)
205 http fetch GET 200 https://registry.npmjs.org/math-intrinsics/-/math-intrinsics-1.1.0.tgz 58ms (cache miss)
206 http fetch GET 200 https://registry.npmjs.org/hasown/-/hasown-2.0.4.tgz 74ms (cache miss)
207 http fetch GET 200 https://registry.npmjs.org/get-intrinsic/-/get-intrinsic-1.3.0.tgz 76ms (cache miss)
208 http fetch GET 200 https://registry.npmjs.org/delayed-stream/-/delayed-stream-1.0.0.tgz 77ms (cache miss)
209 http fetch GET 200 https://registry.npmjs.org/proxy-from-env/-/proxy-from-env-2.1.0.tgz 77ms (cache miss)
210 http fetch GET 200 https://registry.npmjs.org/es-set-tostringtag/-/es-set-tostringtag-2.1.0.tgz 77ms (cache miss)
211 http fetch GET 200 https://registry.npmjs.org/asynckit/-/asynckit-0.4.0.tgz 78ms (cache miss)
212 http fetch GET 200 https://registry.npmjs.org/combined-stream/-/combined-stream-1.0.8.tgz 96ms (cache miss)
213 http fetch GET 200 https://registry.npmjs.org/get-proto/-/get-proto-1.0.1.tgz 119ms (cache miss)
214 http fetch GET 200 https://registry.npmjs.org/https-proxy-agent/-/https-proxy-agent-5.0.1.tgz 118ms (cache miss)
215 http fetch GET 200 https://registry.npmjs.org/follow-redirects/-/follow-redirects-1.16.0.tgz 119ms (cache miss)
216 http fetch GET 200 https://registry.npmjs.org/es-object-atoms/-/es-object-atoms-1.1.2.tgz 121ms (cache miss)
217 http fetch GET 200 https://registry.npmjs.org/form-data/-/form-data-4.0.6.tgz 127ms (cache miss)
218 http fetch GET 200 https://registry.npmjs.org/function-bind/-/function-bind-1.1.2.tgz 128ms (cache miss)
219 http fetch GET 200 https://registry.npmjs.org/call-bind-apply-helpers/-/call-bind-apply-helpers-1.0.2.tgz 129ms (cache miss)
220 http fetch POST 200 https://registry.npmjs.org/-/npm/v1/security/advisories/bulk 211ms
221 silly audit report {
221 silly audit report   esbuild: [
221 silly audit report     {
221 silly audit report       id: 1102341,
221 silly audit report       url: 'https://github.com/advisories/GHSA-67mh-4wv8-2f99',
221 silly audit report       title: 'esbuild enables any website to send any requests to the development server and read the response',
221 silly audit report       severity: 'moderate',
221 silly audit report       vulnerable_versions: '<=0.24.2',
221 silly audit report       cwe: [Array],
221 silly audit report       cvss: [Object]
221 silly audit report     }
221 silly audit report   ],
221 silly audit report   vite: [
221 silly audit report     {
221 silly audit report       id: 1120784,
221 silly audit report       url: 'https://github.com/advisories/GHSA-v6wh-96g9-6wx3',
221 silly audit report       title: 'launch-editor: NTLMv2 hash disclosure via UNC path handling on Windows',
221 silly audit report       severity: 'moderate',
221 silly audit report       vulnerable_versions: '<=6.4.2',
221 silly audit report       cwe: [Array],
221 silly audit report       cvss: [Object]
221 silly audit report     },
221 silly audit report     {
221 silly audit report       id: 1116229,
221 silly audit report       url: 'https://github.com/advisories/GHSA-4w7w-66w2-5vf9',
221 silly audit report       title: 'Vite Vulnerable to Path Traversal in Optimized Deps `.map` Handling',
221 silly audit report       severity: 'moderate',
221 silly audit report       vulnerable_versions: '<=6.4.1',
221 silly audit report       cwe: [Array],
221 silly audit report       cvss: [Object]
221 silly audit report     },
221 silly audit report     {
221 silly audit report       id: 1123525,
221 silly audit report       url: 'https://github.com/advisories/GHSA-fx2h-pf6j-xcff',
221 silly audit report       title: 'vite: `server.fs.deny` bypass on Windows alternate paths',
221 silly audit report       severity: 'high',
221 silly audit report       vulnerable_versions: '<=6.4.2',
221 silly audit report       cwe: [Array],
221 silly audit report       cvss: [Object]
221 silly audit report     }
221 silly audit report   ]
221 silly audit report }
222 silly packumentCache corgi:https://registry.npmjs.org/esbuild cache-miss
223 silly packumentCache corgi:https://registry.npmjs.org/vite cache-miss
224 http fetch GET 200 https://registry.npmjs.org/es-define-property/-/es-define-property-1.0.1.tgz 208ms (cache miss)
225 http fetch GET 200 https://registry.npmjs.org/mime-types/-/mime-types-2.1.35.tgz 210ms (cache miss)
226 http fetch GET 200 https://registry.npmjs.org/es-errors/-/es-errors-1.3.0.tgz 213ms (cache miss)
227 http fetch GET 200 https://registry.npmjs.org/has-tostringtag/-/has-tostringtag-1.0.2.tgz 213ms (cache miss)
228 http fetch GET 200 https://registry.npmjs.org/esbuild 41ms (cache revalidated)
229 silly packumentCache corgi:https://registry.npmjs.org/esbuild set size:887361 disposed:false
230 http fetch GET 200 https://registry.npmjs.org/axios/-/axios-1.19.0.tgz 258ms (cache miss)
231 http fetch GET 200 https://registry.npmjs.org/vite 128ms (cache updated)
232 silly packumentCache corgi:https://registry.npmjs.org/vite set size:undefined disposed:false
233 silly packumentCache corgi:https://registry.npmjs.org/@tailwindcss%2fvite cache-miss
234 silly packumentCache corgi:https://registry.npmjs.org/@vitejs%2fplugin-react cache-miss
235 http fetch GET 200 https://registry.npmjs.org/@vitejs%2fplugin-react 69ms (cache revalidated)
236 silly packumentCache corgi:https://registry.npmjs.org/@vitejs%2fplugin-react set size:117751 disposed:false
237 http fetch GET 200 https://registry.npmjs.org/@tailwindcss%2fvite 97ms (cache updated)
238 silly packumentCache corgi:https://registry.npmjs.org/@tailwindcss%2fvite set size:undefined disposed:false
239 silly ADD node_modules/mime-db
240 silly ADD node_modules/agent-base
241 silly ADD node_modules/dunder-proto
242 silly ADD node_modules/math-intrinsics
243 silly ADD node_modules/has-symbols
244 silly ADD node_modules/gopd
245 silly ADD node_modules/get-proto
246 silly ADD node_modules/function-bind
247 silly ADD node_modules/es-object-atoms
248 silly ADD node_modules/es-define-property
249 silly ADD node_modules/call-bind-apply-helpers
250 silly ADD node_modules/has-tostringtag
251 silly ADD node_modules/get-intrinsic
252 silly ADD node_modules/es-errors
253 silly ADD node_modules/delayed-stream
254 silly ADD node_modules/mime-types
255 silly ADD node_modules/hasown
256 silly ADD node_modules/es-set-tostringtag
257 silly ADD node_modules/combined-stream
258 silly ADD node_modules/asynckit
259 silly ADD node_modules/proxy-from-env
260 silly ADD node_modules/https-proxy-agent
261 silly ADD node_modules/form-data
262 silly ADD node_modules/follow-redirects
263 silly ADD node_modules/axios
264 warn allow-scripts 2 packages have install scripts not yet covered by allowScripts:
264 warn allow-scripts   esbuild@0.21.5 (install: (install scripts present))
264 warn allow-scripts   fsevents@2.3.3 (install: (install scripts present))
264 warn allow-scripts
264 warn allow-scripts Run `npm approve-scripts --allow-scripts-pending` to review, or `npm approve-scripts <pkg>` to allow.
265 verbose cwd /Users/macuser/Documents/technical-test/test-hc-frontend
266 verbose os Darwin 25.5.0
267 verbose node v22.21.1
268 verbose npm  v11.16.0
269 verbose exit 0
270 info ok
